
  ___  ____  ____  ____  ____ (R)
 /__    /   ____/   /   ____/
___/   /   /___/   /   /___/   16.1   Copyright 1985-2019 StataCorp LLC
  Statistics/Data Analysis            StataCorp
                                      4905 Lakeway Drive
     MP - Parallel Edition            College Station, Texas 77845 USA
                                      800-STATA-PC        http://www.stata.com
                                      979-696-4600        stata@stata.com
                                      979-696-4601 (fax)

Single-user 2-core Stata perpetual license:
       Serial number:  501606204617
         Licensed to:  Miklos Koren
                       CEU MicroData

Notes:
      1.  Stata is running in batch mode.
      2.  Unicode is supported; see help unicode_advice.
      3.  More than 2 billion observations are allowed; see help obs_advice.
      4.  Maximum number of variables is set to 5000; see help set_maxvar.

. do risks_2digit_occupation.do 

. clear all

. use "risks.dta", clear

. generate occ_2digit = substr(SOCCode, 1, 2)

. 
. collapse (mean) teamwork_index customer_index presence_index, by(occ_2digit )

. 
. foreach x of varlist teamwork_index customer_index presence_index {
  2.         replace `x' = round(`x')
  3. }
(20 real changes made)
(21 real changes made)
(22 real changes made)

. destring(occ), replace
occ_2digit: all characters numeric; replaced as byte

. 
. label define occ 11 "Management Occupations" 13 "Business and Financial Occup
> ations" ///
> 15 "Computer and Mathematical Occupations" 17 "Architecture and Engineering O
> ccupations" ///    
> 19      "Life, Physical, and Social Science Occupations" ///
> 21      "Community and Social Services Occupations" ///
> 23      "Legal Occupations" ///
> 25      "Education, Training, and Library Occupations" ///
> 27      "Arts, Design, Entertainment, Sports, and Media Occupations" ///
> 29      "Healthcare Practitioners and Technical Occupations" ///
> 31      "Healthcare Support Occupations" ///
> 33      "Protective Service Occupations" ///
> 35      "Food Preparation and Serving Related Occupations" ///
> 37      "Building and Grounds Cleaning and Maintenance Occupations" ///
> 39      "Personal Care and Service Occupations" ///
> 41      "Sales and Related Occupations" ///
> 43      "Office and Administrative Support Occupations" ///
> 45      "Farming, Fishing, and Forestry Occupations" ///
> 47      "Construction and Extraction Occupations" ///
> 49      "Installation, Maintenance, and Repair Occupations" ///
> 51      "Production Occupations" ///
> 53      "Transportation and Material Moving Occupations" ///
> 55      "Military Specific Occupations" 

. 
. 
. export delimited "risks_2digit_occupation.csv", replace
(note: file risks_2digit_occupation.csv not found)
file risks_2digit_occupation.csv saved

. label value occ occ

. 
end of do-file
